Turbo Assembler	 Version 2.5	    04/02/20 22:37:40	    Page 1
mytest.ASM



      1					  assume cs:code,ds:code
      2	0000			     code segment
      3					  org 100h
      4	0100			     start:
      5				     ; CODE BEGIN
      6	0100  B0 01			  mov al,1
      7	0102  B4 01			  mov ah,1
      8	0104  B9 0101			  mov cx, 257
      9	0107  2B C1			  sub ax, cx
     10	0109  FE C4			  inc ah
     11	010B  8B D8			  mov bx, ax
     12	010D  F7 D0			  not ax
     13	010F  0B D8			  or bx, ax
     14	0111  33 C3			  xor ax, bx
     15	0113  92			  xchg ax,dx
     16	0114  4A			  dec dx
     17	0115  F7 DA			  neg dx
     18	0117  CD 20			  int 20h
     19				     ; CODE END
     20	0119			     code ends
     21					  end start
Turbo Assembler	 Version 2.5	    04/02/20 22:37:40	    Page 2
Symbol Table




Symbol Name			  Type	 Value

??DATE				  Text	 "04/02/20"
??FILENAME			  Text	 "mytest  "
??TIME				  Text	 "22:37:40"
??VERSION			  Number 0205
@CPU				  Text	 0101H
@CURSEG				  Text	 CODE
@FILENAME			  Text	 MYTEST
@WORDSIZE			  Text	 2
START				  Near	 CODE:0100

Groups & Segments		  Bit Size Align  Combine Class

CODE				  16  0119 Para	  none
